[Map]
author=Team 7
image=amerokiConquest.bmp
wrap=yes
scroll=none
warn=yes

[continents]
azio=5
ameroki=10
utropa=10
amerpoll=5
afrori=5
ulstrailia=5

[countries]
siberia,100,100,azio,egypt,great_britain,worrick
worrick,100,100,azio,siberia,india,czeck,yazteck
yazteck,100,100,azio,worrick,kongrolo,middle_east,czeck
kongrolo,100,100,azio,yazteck,czeck,china,middle_east
china,100,100,azio,kongrolo,middle_east,heal,sluci,kancheria
middle_east,100,100,azio,yazteck,china,kancheria,kongrolo
sluci,100,100,azio,china,kancheria,afganistan
afganistan,100,100,azio,kancheria,sluci
kancheria,100,100,azio,china,afganistan,sluci,middle_east,india
india,100,100,azio,japan,worrick,kancheria
japan,100,100,azio,south_afrori,india
new_guinia,100,100,ulstrailia,jacuncail,western_ulstrailia
western_ulstrailia,100,100,ulstrailia,jacuncail,eastern_ulstarilia,new_guinia
eastern_ulstarilia,100,100,ulstrailia,jacuncail,western_ulstrailia
jacuncail,100,100,ulstrailia,south_afrori,new_guinia,western_ulstrailia,eastern_ulstarilia
tungu,100,100,afrori,north_afrori,south_afrori,east_afrori
south_afrori,100,100,afrori,tungu,jacuncail,japan
north_afrori,100,100,afrori,egypt,east_afrori,tungu
east_afrori,100,100,afrori,north_afrori,maganar,tungu
egypt,100,100,afrori,heaurt,siberia,north_afrori
maganar,100,100,afrori,east_afrori,ihesia
pero,100,100,amerpoll,vagnagale,heaurt
heaurt,100,100,amerpoll,pero,vagnagale,egypt
vagnagale,100,100,amerpoll,argentina,pero,heaurt
argentina,100,100,amerpoll,northern_utropa,vagnagale
ireland,100,100,utropa,ihesia,senadlavin
ihesia,100,100,utropa,ireland,western_utropa,maganar,senadlavin
western_utropa,100,100,utropa,ihesia,senadlavin,souther_utropa,great_britain,northern_utropa
souther_utropa,100,100,utropa,western_utropa,great_britain,northern_utropa
northern_utropa,100,100,utropa,western_utropa,argentina,souther_utropa
senadlavin,100,100,utropa,western_utropa,western_united_states,great_britain,ireland,ihesia
great_britain,100,100,utropa,western_utropa,siberia,western_united_states,souther_utropa,senadlavin
teramar,100,100,ameroki,western_united_states,alberta
western_united_states,100,100,ameroki,albania,czeck,teramar,alberta,central_ameroki,senadlavin,great_britain
czeck,100,100,ameroki,worrick,kongrolo,albania,western_united_states,yazteck
alberta,100,100,ameroki,western_united_states,central_ameroki,vinenlant,teramar,duiestie
central_ameroki,100,100,ameroki,Quebeck,albania,western_united_states,alberta,duiestie
albania,100,100,ameroki,Quebeck,czeck,western_united_states,central_ameroki
duiestie,100,100,ameroki,Quebeck,central_ameroki,vinenlant,alberta
Quebeck,100,100,ameroki,heal,duiestie,central_ameroki,albania
vinenlant,100,100,ameroki,alberta,duiestie
heal,100,100,azio,china,Quebeck
