[Map]
author=Team 7
image=ukConquest.bmp
wrap=yes
scroll=none
warn=yes

[continents]
North-Scotland=2
South-Scotland=4
North-England=4
Wales=3
South-West-England=1
South-England=6

[countries]
Ross-shire,100,100,North-Scotland,Sutherland,Ross-shire-and-Chromartyshire
Sutherland,100,100,North-Scotland,Ross-shire,Caithness,Ross-shire-and-Chromartyshire
Caithness,100,100,North-Scotland,Sutherland,Shetland
Shetland,100,100,North-Scotland,Caithness,Aberdeenshire,Orkney,Yorkshire
Ross-shire-and-Chromartyshire,100,100,North-Scotland,Ross-shire,Sutherland,Inverness-shire
Morayshire,100,100,North-Scotland,Banffshire,Inverness-shire
Banffshire,100,100,North-Scotland,Morayshire,Aberdeenshire,Inverness-shire
Aberdeenshire,100,100,North-Scotland,Banffshire,Inverness-shire,Perthshire,Angus,Kincardine-shire,Shetland,Orkney
Orkney,100,100,North-Scotland,Aberdeenshire,Angus,Shetland
Inverness-shire,100,100,North-Scotland,Ross-shire-and-Chromartyshire,Morayshire,Banffshire,Aberdeenshire,Perthshire,Argyllshire
Perthshire,100,100,North-Scotland,Aberdeenshire,Inverness-shire,Angus,Argyllshire,Stirlingshire,Fife
Angus,100,100,North-Scotland,Aberdeenshire,Perthshire,Kincardine-shire,Fife,Orkney
Kincardine-shire,100,100,North-Scotland,Aberdeenshire,Angus
Argyllshire,100,100,South-Scotland,Inverness-shire,Perthshire,Stirlingshire
Stirlingshire,100,100,South-Scotland,Perthshire,Argyllshire,Fife,Renfrew-shire,Lanarkshire
Fife,100,100,South-Scotland,Perthshire,Angus,Stirlingshire
Bute-shire,100,100,South-Scotland,Ayrshire,Wigtown-shire
Ayrshire,100,100,South-Scotland,Renfrew-shire,Lanarkshire,Wigtown-shire,Kirkcudbright-shire,Dumfriesshire,Bute-shire
Renfrew-shire,100,100,South-Scotland,Stirlingshire,Ayrshire,Lanarkshire
Lanarkshire,100,100,South-Scotland,Stirlingshire,Ayrshire,Renfrew-shire,Midlothian,Peebles-shire,Dumfriesshire
Midlothian,100,100,South-Scotland,Lanarkshire,Berwickshire,Peebles-shire,Roxburghshire
Berwickshire,100,100,South-Scotland,Midlothian,Roxburghshire,Northumberland
Peebles-shire,100,100,South-Scotland,Lanarkshire,Midlothian,Dumfriesshire,Roxburghshire
Wigtown-shire,100,100,South-Scotland,Bute-shire,Ayrshire,Kirkcudbright-shire
Kirkcudbright-shire,100,100,South-Scotland,Ayrshire,Wigtown-shire,Dumfriesshire
Dumfriesshire,100,100,South-Scotland,Ayrshire,Lanarkshire,Peebles-shire,Kirkcudbright-shire,Roxburghshire,Cumberland
Roxburghshire,100,100,South-Scotland,Midlothian,Berwickshire,Peebles-shire,Dumfriesshire,Cumberland,Northumberland
Cumberland,100,100,North-England,Dumfriesshire,Roxburghshire,Northumberland,Westmorland,Durham
Northumberland,100,100,North-England,Roxburghshire,Cumberland,Durham,Berwickshire
Westmorland,100,100,North-England,Cumberland,Durham,Lancashire,Yorkshire
Durham,100,100,North-England,Cumberland,Northumberland,Westmorland,Yorkshire
Lancashire,100,100,North-England,Westmorland,Yorkshire,Cheshire
Yorkshire,100,100,North-England,Shetland,Westmorland,Durham,Lancashire,Cheshire,Derbyshire,Nottinghamshire,Lincolnshire
Cheshire,100,100,North-England,Lancashire,Yorkshire,Shropshire,Staffordshire,Derbyshire,Denbighshire
Shropshire,100,100,North-England,Cheshire,Staffordshire,Denbighshire,Montgomery-shire,Radnor-shire,Herefordshire,Worcester-shire
Staffordshire,100,100,North-England,Cheshire,Shropshire,Derbyshire,Worcester-shire,Warwickshire
Derbyshire,100,100,North-England,Yorkshire,Cheshire,Staffordshire,Nottinghamshire,Leicestershire
Nottinghamshire,100,100,North-England,Yorkshire,Derbyshire,Lincolnshire,Leicestershire
Lincolnshire,100,100,North-England,Yorkshire,Nottinghamshire,Leicestershire,Northamptonshire,Cambridgeshire,Norfolk
Anglese,100,100,Wales,Caernarfonshire
Caernarfonshire,100,100,Wales,Anglese,Denbighshire,Merioneth
Denbighshire,100,100,Wales,Cheshire,Shropshire,Caernarfonshire,Merioneth,Montgomery-shire
Merioneth,100,100,Wales,Caernarfonshire,Denbighshire,Montgomery-shire,Cardiganshire
Montgomery-shire,100,100,Wales,Shropshire,Denbighshire,Merioneth,Cardiganshire,Radnor-shire
Cardiganshire,100,100,Wales,Montgomery-shire,Pembroke-shire,Carmarthenshire,Brecknockshire,Radnor-shire,Merioneth
Pembroke-shire,100,100,Wales,Cardiganshire,Carmarthenshire
Carmarthenshire,100,100,Wales,Cardiganshire,Pembroke-shire,Brecknockshire,Glamorgan
Brecknockshire,100,100,Wales,Cardiganshire,Carmarthenshire,Glamorgan,Monmouth-shire,Radnor-shire,Herefordshire
Glamorgan,100,100,Wales,Carmarthenshire,Brecknockshire,Monmouth-shire
Monmouth-shire,100,100,Wales,Brecknockshire,Glamorgan,Herefordshire,Gloucestershire,Somerset
Radnor-shire,100,100,Wales,Shropshire,Montgomery-shire,Cardiganshire,Brecknockshire,Herefordshire
Cornwall,100,100,South-West-England,Devon
Devon,100,100,South-West-England,Cornwall,Somerset,Dorset
Somerset,100,100,South-West-England,Devon,Dorset,Gloucestershire,Wiltshire,Monmouth-shire
Dorset,100,100,South-West-England,Devon,Somerset,Wiltshire,Hampshire
Herefordshire,100,100,South-England,Shropshire,Brecknockshire,Monmouth-shire,Radnor-shire,Worcester-shire,Gloucestershire
Worcester-shire,100,100,South-England,Shropshire,Staffordshire,Herefordshire,Warwickshire,Gloucestershire
Warwickshire,100,100,South-England,Staffordshire,Worcester-shire,Leicestershire,Gloucestershire,Oxfordshire,Northamptonshire
Leicestershire,100,100,South-England,Derbyshire,Nottinghamshire,Lincolnshire,Warwickshire,Northamptonshire
Gloucestershire,100,100,South-England,Herefordshire,Worcester-shire,Warwickshire,Oxfordshire,Wiltshire,Monmouth-shire,Somerset
Oxfordshire,100,100,South-England,Warwickshire,Gloucestershire,Northamptonshire,Berkshire,Buckinghamshire
Northamptonshire,100,100,South-England,Lincolnshire,Warwickshire,Leicestershire,Oxfordshire,Bedford-shire,Cambridgeshire,Buckinghamshire
Bedford-shire,100,100,South-England,Northamptonshire,Cambridgeshire,Buckinghamshire,Hertfordshire
Cambridgeshire,100,100,South-England,Lincolnshire,Bedford-shire,Norfolk,Hertfordshire,Suffolk,Essex,Northamptonshire
Norfolk,100,100,South-England,Lincolnshire,Cambridgeshire,Suffolk
Wiltshire,100,100,South-England,Somerset,Dorset,Gloucestershire,Berkshire,Hampshire
Berkshire,100,100,South-England,Oxfordshire,Wiltshire,Buckinghamshire,Hampshire,Surrey
Buckinghamshire,100,100,South-England,Oxfordshire,Northamptonshire,Bedford-shire,Berkshire,Hertfordshire,Surrey
Hertfordshire,100,100,South-England,Bedford-shire,Cambridgeshire,Buckinghamshire,Essex,Surrey
Suffolk,100,100,South-England,Cambridgeshire,Norfolk,Essex
Essex,100,100,South-England,Cambridgeshire,Hertfordshire,Suffolk,Kent
Hampshire,100,100,South-England,Dorset,Wiltshire,Berkshire,Surrey,Sussex
Surrey,100,100,South-England,Berkshire,Buckinghamshire,Hertfordshire,Hampshire,Sussex,Kent
Sussex,100,100,South-England,Hampshire,Surrey,Kent
Kent,100,100,South-England,Surrey,Sussex,Essex
