[Map]
author=Team 7
image=worldConquest.bmp
wrap=yes
scroll=none
warn=yes

[continents]
North-America=5
South-America=2
Europe=5
Africa=3
Asia=7
Australia=2

[countries]
Alaska,100,100,North-America,North-West-Territory,Alberta,Kamchatka
North-West-Territory,100,100,North-America,Alaska,Alberta,Ontario,Greenland
Alberta,100,100,North-America,Alaska,North-West-Territory,Ontario,Western-United-States
Western-United-States,100,100,North-America,Alberta,Ontario,Central-America,Eastern-United-States
Central-America,100,100,North-America,Western-United-States,Eastern-United-States,Venezuela
Greenland,100,100,North-America,North-West-Territory,Ontario,Quebec,Iceland
Ontario,100,100,North-America,North-West-Territory,Alberta,Western-United-States,Greenland,Quebec,Eastern-United-States
Quebec,100,100,North-America,Greenland,Ontario,Eastern-United-States
Eastern-United-States,100,100,North-America,Western-United-States,Central-America,Ontario,Quebec
Venezuela,100,100,South-America,Central-America,Peru,Brazil
Peru,100,100,South-America,Venezuela,Brazil,Argentina
Brazil,100,100,South-America,Venezuela,Peru,Argentina,North-Africa
Argentina,100,100,South-America,Peru,Brazil
Iceland,100,100,Europe,Greenland,Great-Britain,Scandinavia
Scandinavia,100,100,Europe,Ukraine,Northern-Europe,Iceland,Great-Britain
Ukraine,100,100,Europe,Scandinavia,Ural,Afghanistan,Middle-East,Northern-Europe,Southern-Europe
Great-Britain,100,100,Europe,Iceland,Northern-Europe,Western-Europe,Scandinavia
Northern-Europe,100,100,Europe,Scandinavia,Ukraine,Great-Britain,Western-Europe,Southern-Europe
Western-Europe,100,100,Europe,Great-Britain,Northern-Europe,Southern-Europe,North-Africa
Southern-Europe,100,100,Europe,Ukraine,Northern-Europe,Western-Europe,North-Africa,Egypt,Middle-East
North-Africa,100,100,Africa,Brazil,Western-Europe,Southern-Europe,Egypt,Congo,East-Africa
Egypt,100,100,Africa,Southern-Europe,North-Africa,East-Africa,Middle-East
Congo,100,100,Africa,North-Africa,East-Africa,South-Africa
East-Africa,100,100,Africa,North-Africa,Egypt,Congo,South-Africa,Madagascar
South-Africa,100,100,Africa,Congo,East-Africa,Madagascar
Madagascar,100,100,Africa,East-Africa,South-Africa
Siberia,100,100,Asia,Ural,China,Yakutsk,Irkutsk,Mongolia
Ural,100,100,Asia,Ukraine,Siberia,China,Afghanistan
China,100,100,Asia,Siberia,Ural,Afghanistan,India,Siam,Mongolia
Afghanistan,100,100,Asia,Ukraine,Ural,China,Middle-East,India
Middle-East,100,100,Asia,Ukraine,Egypt,Afghanistan,India,Southern-Europe
India,100,100,Asia,China,Afghanistan,Middle-East,Siam
Siam,100,100,Asia,China,India,Indonesia
Yakutsk,100,100,Asia,Siberia,Irkutsk,Kamchatka
Irkutsk,100,100,Asia,Siberia,Yakutsk,Mongolia,Kamchatka
Mongolia,100,100,Asia,China,Irkutsk,Japan,Kamchatka,Siberia
Japan,100,100,Asia,Mongolia,Kamchatka
Kamchatka,100,100,Asia,Alaska,Yakutsk,Irkutsk,Mongolia,Japan
Indonesia,100,100,Australia,Siam,Western-Australia,New-Guinea
New-Guinea,100,100,Australia,Indonesia,Western-Australia,Eastern-Australia
Western-Australia,100,100,Australia,Indonesia,New-Guinea,Eastern-Australia
Eastern-Australia,100,100,Australia,New-Guinea,Western-Australia
